---
source: tests/snapshots/cli_output.rs
expression: normalized
---
obr doctor
HEALTH workspace: healthy
OK jsonl.merge_artifacts
OK base_jsonl
OK doctor.runs_dir
OK doctor.runs_creatable
OK permissions.recovery_dir
OK permissions.write_lock
OK permissions.root_gitignore
OK permissions.db_sidecars
OK permissions.config_yaml_secrets
OK obr_path_dupes
OK gitignore.obr_inner_present
OK tmp_files_orphan
OK obr_history.size
OK routes_jsonl: No routes.jsonl present (ID-REDACTED routing is optional)
OK rust_log: RUST_LOG=error (quiet)
OK permissions.obr_dir: the workspace directory, the database and the export are ID-REDACTED
OK config.yaml: config.yaml parses cleanly (97 bytes)
OK metadata.json: metadata.json parses cleanly (56 bytes); declared targets exist on disk
OK binary_version: Running obr X.Y.Z; no obr Cargo.toml reachable from .obr/ — not flagging
OK write_lock: No <workspace>/.write.lock present (no writer contention)
OK routes.targets: No local or town routes.jsonl present (route targets are optional)
OK sync.merge_pending: No pending sync merge requires artifact reconciliation
OK permissions.jsonl_world_writable
OK jsonl_crlf
OK jsonl_bom
OK jsonl_eof_newline
OK jsonl_size
OK jsonl.duplicate_ids
OK sync_jsonl_path: Workspace surface is within the sync allowlist
OK sync_conflict_markers: No merge conflict markers found
OK jsonl.parse: Parsed 0 records
OK dep.dead_closed_blocking_edges
OK dep.fully_unblocked_open
OK db_bloat
OK wal_size
OK db.recovery_artifacts
OK db.recovery_artifacts.aged
OK db.foreign_recovery_debris
OK db.sidecars: SHM sidecar at /TMP/.obr/obr.ID-REDACTED is inert beside the WAL (a ID-REDACTED family is expected for frankensqlite; the WAL index lives in process memory)
OK schema.tables
OK schema.columns
OK db.recoverable_anomalies
OK db.null_defaults
OK sqlite.integrity_check
OK db.export_hash_cache
OK base_jsonl.missing_post_flush
OK dirty_bitmap
OK comments.orphans
OK labels.orphans
OK dependencies.orphans
OK audit.suspect_close_reasons
OK counts.db_vs_jsonl: Both have 0 records
OK sync.metadata: Database and JSONL are in sync
OK db.write_probe: No issues available for ID-REDACTED write probe
HOST-DEPENDENT sqlite3.integrity_check
